./residue_specs.json
No starting sequences file provided. Random sequences will be generated.
AF2 is using an empty UniProt MSA. Results may not be as accurate. This will be changed in the future.
AF2 is using an empty UniProt MSA. Results may not be as accurate. This will be changed in the future.
WARNING:features:AF2 is using an empty UniProt MSA. Results may not be as accurate. This will be changed in the future.
WARNING:features:AF2 is using an empty UniProt MSA. Results may not be as accurate. This will be changed in the future.
WARNING:features:AF2 is using an empty UniProt MSA. Results may not be as accurate. This will be changed in the future.
WARNING:features:AF2 is using an empty UniProt MSA. Results may not be as accurate. This will be changed in the future.
WARNING:features:AF2 is using an empty UniProt MSA. Results may not be as accurate. This will be changed in the future.
WARNING:features:AF2 is using an empty UniProt MSA. Results may not be as accurate. This will be changed in the future.
WARNING:features:AF2 is using an empty UniProt MSA. Results may not be as accurate. This will be changed in the future.
WARNING:features:AF2 is using an empty UniProt MSA. Results may not be as accurate. This will be changed in the future.
WARNING:features:AF2 is using an empty UniProt MSA. Results may not be as accurate. This will be changed in the future.
WARNING:features:AF2 is using an empty UniProt MSA. Results may not be as accurate. This will be changed in the future.
WARNING:features:AF2 is using an empty UniProt MSA. Results may not be as accurate. This will be changed in the future.
WARNING:features:AF2 is using an empty UniProt MSA. Results may not be as accurate. This will be changed in the future.
WARNING:features:AF2 is using an empty UniProt MSA. Results may not be as accurate. This will be changed in the future.
WARNING:features:AF2 is using an empty UniProt MSA. Results may not be as accurate. This will be changed in the future.
WARNING:features:AF2 is using an empty UniProt MSA. Results may not be as accurate. This will be changed in the future.
WARNING:features:AF2 is using an empty UniProt MSA. Results may not be as accurate. This will be changed in the future.
WARNING:features:AF2 is using an empty UniProt MSA. Results may not be as accurate. This will be changed in the future.
WARNING:features:AF2 is using an empty UniProt MSA. Results may not be as accurate. This will be changed in the future.
WARNING:features:AF2 is using an empty UniProt MSA. Results may not be as accurate. This will be changed in the future.
WARNING:features:AF2 is using an empty UniProt MSA. Results may not be as accurate. This will be changed in the future.
WARNING:features:AF2 is using an empty UniProt MSA. Results may not be as accurate. This will be changed in the future.
WARNING:features:AF2 is using an empty UniProt MSA. Results may not be as accurate. This will be changed in the future.
WARNING:features:AF2 is using an empty UniProt MSA. Results may not be as accurate. This will be changed in the future.
WARNING:features:AF2 is using an empty UniProt MSA. Results may not be as accurate. This will be changed in the future.
WARNING:features:AF2 is using an empty UniProt MSA. Results may not be as accurate. This will be changed in the future.
WARNING:features:AF2 is using an empty UniProt MSA. Results may not be as accurate. This will be changed in the future.
WARNING:features:AF2 is using an empty UniProt MSA. Results may not be as accurate. This will be changed in the future.
WARNING:features:AF2 is using an empty UniProt MSA. Results may not be as accurate. This will be changed in the future.
Iteration 1: Creating new sequences.
work list [[['WNPPTFSPALLVVTEGDNATFTCSFSNTSESFHVVWHRESPSGQTDTLAAFPEDRSQPGQDSRFRVTQLPNGRDFHMSVVRARRNDSGTYVCGVISLAPKIQIKESLRAELRVTERRAE', 'DREEAKERIKELLELVKRVSEEERRELLREARRLAERVNDPEARRLVEELERLIKEL']], [['WNPPTFSPALLVVTEGDNATFTCSFSNTSESFHVVWHRESPSGQTDTLAAFPEDRSQPGQDSRFRVTQLPNGRDFHMSVVRARRNDSGTYVCGVISLAPKIQIKESLRAELRVTERRAE', 'MREEAKERIKELLELVKRVSEEERRELLREARRLAERVNVVWARRLVEELGRLIKEV']], [['WNPPTFSPALLVVTEGDNATFTCSFSNTSESFHVVWHRESPSGQTDTLAAFPEDRSQPGQDSRFRVTQLPNGRDFHMSVVRARRNDSGTYVCGVISLAPKIQIKESLRAELRVTERRAE', 'DRKEYKERIKVLLETYKRVSEEERRELLREARRLAERVNDPEARRLVEEMESLTKEL']], [['WNPPTFSPALLVVTEGDNATFTCSFSNTSESFHVVWHRESPSGQTDTLAAFPEDRSQPGQDSRFRVTQLPNGRDFHMSVVRARRNDSGTYVCGVISLAPKIQIKESLRAELRVTERRAE', 'DREEAKERIKELLYLVKRVSEESWREKLRYARRLAERVNDPEARGKVEELERLIKEL']], [['WNPPTFSPALLVVTEGDNATFTCSFSNTSESFHVVWHRESPSGQTDTLAAFPEDRSQPGQDSRFRVTQLPNGRDFHMSVVRARRNDSGTYVCGVISLAPKIQIKESLRAELRVTERRAE', 'DREEAKERIKWLFELVKRVSEHERRELLREARRLAERVNYPEARRLVEELERLIKEL']], [['DREEAKERIKELLELVKRVSEEERRELLREARRLAERVNDPEARRLVEELERLIKEL']], [['MREEAKERIKELLELVKRVSEEERRELLREARRLAERVNVVWARRLVEELGRLIKEV']], [['DRKEYKERIKVLLETYKRVSEEERRELLREARRLAERVNDPEARRLVEEMESLTKEL']], [['DREEAKERIKELLYLVKRVSEESWREKLRYARRLAERVNDPEARGKVEELERLIKEL']], [['DREEAKERIKWLFELVKRVSEHERRELLREARRLAERVNYPEARRLVEELERLIKEL']]]
done churning
adding sequences and scores into the dictionary
WNPPTFSPALLVVTEGDNATFTCSFSNTSESFHVVWHRESPSGQTDTLAAFPEDRSQPGQDSRFRVTQLPNGRDFHMSVVRARRNDSGTYVCGVISLAPKIQIKESLRAELRVTERRAE,DREEAKERIKELLELVKRVSEEERRELLREARRLAERVNDPEARRLVEELERLIKEL WNPPTFSPALLVVTEGDNATFTCSFSNTSESFHVVWHRESPSGQTDTLAAFPEDRSQPGQDSRFRVTQLPNGRDFHMSVVRARRNDSGTYVCGVISLAPKIQIKESLRAELRVTERRAE,DREEAKERIKELLELVKRVSEEERRELLREARRLAERVNDPEARRLVEELERLIKEL (-11.761906713235506, (-8.8976252419608, 8.8976252419608, 0), (-8.974043024885786, [(-8.974043024885786, 89.74043024885786)]), (6.109761553611078, [6.109761553611078]))
WNPPTFSPALLVVTEGDNATFTCSFSNTSESFHVVWHRESPSGQTDTLAAFPEDRSQPGQDSRFRVTQLPNGRDFHMSVVRARRNDSGTYVCGVISLAPKIQIKESLRAELRVTERRAE,MREEAKERIKELLELVKRVSEEERRELLREARRLAERVNVVWARRLVEELGRLIKEV WNPPTFSPALLVVTEGDNATFTCSFSNTSESFHVVWHRESPSGQTDTLAAFPEDRSQPGQDSRFRVTQLPNGRDFHMSVVRARRNDSGTYVCGVISLAPKIQIKESLRAELRVTERRAE,MREEAKERIKELLELVKRVSEEERRELLREARRLAERVNVVWARRLVEELGRLIKEV (-18.21004725454834, (-22.847711712973457, 22.847711712973457, 0), (-7.607430847669397, [(-7.607430847669397, 76.07430847669397)]), (12.245095306094516, [12.245095306094516]))
WNPPTFSPALLVVTEGDNATFTCSFSNTSESFHVVWHRESPSGQTDTLAAFPEDRSQPGQDSRFRVTQLPNGRDFHMSVVRARRNDSGTYVCGVISLAPKIQIKESLRAELRVTERRAE,DRKEYKERIKVLLETYKRVSEEERRELLREARRLAERVNDPEARRLVEEMESLTKEL WNPPTFSPALLVVTEGDNATFTCSFSNTSESFHVVWHRESPSGQTDTLAAFPEDRSQPGQDSRFRVTQLPNGRDFHMSVVRARRNDSGTYVCGVISLAPKIQIKESLRAELRVTERRAE,DRKEYKERIKVLLETYKRVSEEERRELLREARRLAERVNDPEARRLVEEMESLTKEL (-18.859828852290104, (-17.678979928152906, 17.678979928152906, 0), (-8.849868976979002, [(-8.849868976979002, 88.49868976979002)]), (7.669020052841805, [7.669020052841805]))
WNPPTFSPALLVVTEGDNATFTCSFSNTSESFHVVWHRESPSGQTDTLAAFPEDRSQPGQDSRFRVTQLPNGRDFHMSVVRARRNDSGTYVCGVISLAPKIQIKESLRAELRVTERRAE,DREEAKERIKELLYLVKRVSEESWREKLRYARRLAERVNDPEARGKVEELERLIKEL WNPPTFSPALLVVTEGDNATFTCSFSNTSESFHVVWHRESPSGQTDTLAAFPEDRSQPGQDSRFRVTQLPNGRDFHMSVVRARRNDSGTYVCGVISLAPKIQIKESLRAELRVTERRAE,DREEAKERIKELLYLVKRVSEESWREKLRYARRLAERVNDPEARGKVEELERLIKEL (-1.6386748297009675, (-15.499389648437498, 15.499389648437498, 0), (-8.012162554670075, [(-8.012162554670075, 80.12162554670076)]), (21.872877373406606, [21.872877373406606]))
WNPPTFSPALLVVTEGDNATFTCSFSNTSESFHVVWHRESPSGQTDTLAAFPEDRSQPGQDSRFRVTQLPNGRDFHMSVVRARRNDSGTYVCGVISLAPKIQIKESLRAELRVTERRAE,DREEAKERIKWLFELVKRVSEHERRELLREARRLAERVNYPEARRLVEELERLIKEL WNPPTFSPALLVVTEGDNATFTCSFSNTSESFHVVWHRESPSGQTDTLAAFPEDRSQPGQDSRFRVTQLPNGRDFHMSVVRARRNDSGTYVCGVISLAPKIQIKESLRAELRVTERRAE,DREEAKERIKWLFELVKRVSEHERRELLREARRLAERVNYPEARRLVEELERLIKEL (-14.943697768844977, (-21.73505561011178, 21.73505561011178, 0), (-7.782659103242328, [(-7.782659103242328, 77.82659103242328)]), (14.574016944509129, [14.574016944509129]))
scored sequences dictionary ['WNPPTFSPALLVVTEGDNATFTCSFSNTSESFHVVWHRESPSGQTDTLAAFPEDRSQPGQDSRFRVTQLPNGRDFHMSVVRARRNDSGTYVCGVISLAPKIQIKESLRAELRVTERRAE,DREEAKERIKELLELVKRVSEEERRELLREARRLAERVNDPEARRLVEELERLIKEL', 'WNPPTFSPALLVVTEGDNATFTCSFSNTSESFHVVWHRESPSGQTDTLAAFPEDRSQPGQDSRFRVTQLPNGRDFHMSVVRARRNDSGTYVCGVISLAPKIQIKESLRAELRVTERRAE,MREEAKERIKELLELVKRVSEEERRELLREARRLAERVNVVWARRLVEELGRLIKEV', 'WNPPTFSPALLVVTEGDNATFTCSFSNTSESFHVVWHRESPSGQTDTLAAFPEDRSQPGQDSRFRVTQLPNGRDFHMSVVRARRNDSGTYVCGVISLAPKIQIKESLRAELRVTERRAE,DRKEYKERIKVLLETYKRVSEEERRELLREARRLAERVNDPEARRLVEEMESLTKEL', 'WNPPTFSPALLVVTEGDNATFTCSFSNTSESFHVVWHRESPSGQTDTLAAFPEDRSQPGQDSRFRVTQLPNGRDFHMSVVRARRNDSGTYVCGVISLAPKIQIKESLRAELRVTERRAE,DREEAKERIKELLYLVKRVSEESWREKLRYARRLAERVNDPEARGKVEELERLIKEL', 'WNPPTFSPALLVVTEGDNATFTCSFSNTSESFHVVWHRESPSGQTDTLAAFPEDRSQPGQDSRFRVTQLPNGRDFHMSVVRARRNDSGTYVCGVISLAPKIQIKESLRAELRVTERRAE,DREEAKERIKWLFELVKRVSEHERRELLREARRLAERVNYPEARRLVEELERLIKEL']
done writing runtime results
newpool ['WNPPTFSPALLVVTEGDNATFTCSFSNTSESFHVVWHRESPSGQTDTLAAFPEDRSQPGQDSRFRVTQLPNGRDFHMSVVRARRNDSGTYVCGVISLAPKIQIKESLRAELRVTERRAE,DRKEYKERIKVLLETYKRVSEEERRELLREARRLAERVNDPEARRLVEEMESLTKEL', 'WNPPTFSPALLVVTEGDNATFTCSFSNTSESFHVVWHRESPSGQTDTLAAFPEDRSQPGQDSRFRVTQLPNGRDFHMSVVRARRNDSGTYVCGVISLAPKIQIKESLRAELRVTERRAE,MREEAKERIKELLELVKRVSEEERRELLREARRLAERVNVVWARRLVEELGRLIKEV']
Iteration 2: refilling with mutation and 20.0% crossover.
176 176 10
176 176 10
176 176 10
176 176 10
176 176 10
176 176 10
176 176 10
176 176 10
176 176 10
176 176 10
176 176 10
176 176 10
176 176 10
176 176 10
176 176 10
176 176 10
work list [[['WNPPTFSPALLVVTEGDNATFTCSFSNTSESFHVVWHRESPSGQTDTLAAFPEDRSQPGQDSRFRVTQLPNGRDFHMSVVRARRNDSGTYVCGVISLAPKIQIKESLRAELRVTERRAE', 'MREAKVRIKELLELVKRVQEEKRRELLGEARRLARVNNVWARVLVEELGRLIKEV']], [['WNPPTFSPALLVVTEGDNATFTCSFSNTSESFHVVWHRESPSGQTDTLAAFPEDRSQPGQDSRFRVTQLPNGRDFHMSVVRARRNDSGTYVCGVISLAPKIQIKESLRAELRVTERRAE', 'DRKSYKNRIKALQETYKMDSEEERREVLREARRLAERVNDPWARRLVEEMESLTKEL']], [['WNPPTFSPALLVVTEGDNATFTCSFSNTSESFHVVWHRESPSGQTDTLAAFPEDRSQPGQDSRFRVTQLPNGRDFHMSVVRARRNDSGTYVCGVISLAPKIQIKESLRAELRVTERRAE', 'DRKEYKERIKVLLETYKRVSEEERRELLREARRLAERVNDPEARRLVEEMESLTKEV']], [['MREAKVRIKELLELVKRVQEEKRRELLGEARRLARVNNVWARVLVEELGRLIKEV']], [['DRKSYKNRIKALQETYKMDSEEERREVLREARRLAERVNDPWARRLVEEMESLTKEL']], [['DRKEYKERIKVLLETYKRVSEEERRELLREARRLAERVNDPEARRLVEEMESLTKEV']]]
done churning
adding sequences and scores into the dictionary
WNPPTFSPALLVVTEGDNATFTCSFSNTSESFHVVWHRESPSGQTDTLAAFPEDRSQPGQDSRFRVTQLPNGRDFHMSVVRARRNDSGTYVCGVISLAPKIQIKESLRAELRVTERRAE,MREAKVRIKELLELVKRVQEEKRRELLGEARRLARVNNVWARVLVEELGRLIKEV WNPPTFSPALLVVTEGDNATFTCSFSNTSESFHVVWHRESPSGQTDTLAAFPEDRSQPGQDSRFRVTQLPNGRDFHMSVVRARRNDSGTYVCGVISLAPKIQIKESLRAELRVTERRAE,MREAKVRIKELLELVKRVQEEKRRELLGEARRLARVNNVWARVLVEELGRLIKEV (-16.721503520579475, (-20.059113121032716, 20.059113121032716, 0), (-8.118776972477226, [(-8.118776972477226, 81.18776972477227)]), (11.45638657293047, [11.45638657293047]))
WNPPTFSPALLVVTEGDNATFTCSFSNTSESFHVVWHRESPSGQTDTLAAFPEDRSQPGQDSRFRVTQLPNGRDFHMSVVRARRNDSGTYVCGVISLAPKIQIKESLRAELRVTERRAE,DRKSYKNRIKALQETYKMDSEEERREVLREARRLAERVNDPWARRLVEEMESLTKEL WNPPTFSPALLVVTEGDNATFTCSFSNTSESFHVVWHRESPSGQTDTLAAFPEDRSQPGQDSRFRVTQLPNGRDFHMSVVRARRNDSGTYVCGVISLAPKIQIKESLRAELRVTERRAE,DRKSYKNRIKALQETYKMDSEEERREVLREARRLAERVNDPWARRLVEEMESLTKEL (2.251272092075425, (-21.499198927198137, 21.499198927198137, 0), (-8.053601024709387, [(-8.053601024709387, 80.53601024709387)]), (31.80407204398295, [31.80407204398295]))
WNPPTFSPALLVVTEGDNATFTCSFSNTSESFHVVWHRESPSGQTDTLAAFPEDRSQPGQDSRFRVTQLPNGRDFHMSVVRARRNDSGTYVCGVISLAPKIQIKESLRAELRVTERRAE,DRKEYKERIKVLLETYKRVSEEERRELLREARRLAERVNDPEARRLVEEMESLTKEV WNPPTFSPALLVVTEGDNATFTCSFSNTSESFHVVWHRESPSGQTDTLAAFPEDRSQPGQDSRFRVTQLPNGRDFHMSVVRARRNDSGTYVCGVISLAPKIQIKESLRAELRVTERRAE,DRKEYKERIKVLLETYKRVSEEERRELLREARRLAERVNDPEARRLVEEMESLTKEV (-18.247374468938133, (-16.994921875000003, 16.994921875000003, 0), (-8.852304494779371, [(-8.852304494779371, 88.52304494779371)]), (7.59985190084124, [7.59985190084124]))
scored sequences dictionary ['WNPPTFSPALLVVTEGDNATFTCSFSNTSESFHVVWHRESPSGQTDTLAAFPEDRSQPGQDSRFRVTQLPNGRDFHMSVVRARRNDSGTYVCGVISLAPKIQIKESLRAELRVTERRAE,DREEAKERIKELLELVKRVSEEERRELLREARRLAERVNDPEARRLVEELERLIKEL', 'WNPPTFSPALLVVTEGDNATFTCSFSNTSESFHVVWHRESPSGQTDTLAAFPEDRSQPGQDSRFRVTQLPNGRDFHMSVVRARRNDSGTYVCGVISLAPKIQIKESLRAELRVTERRAE,MREEAKERIKELLELVKRVSEEERRELLREARRLAERVNVVWARRLVEELGRLIKEV', 'WNPPTFSPALLVVTEGDNATFTCSFSNTSESFHVVWHRESPSGQTDTLAAFPEDRSQPGQDSRFRVTQLPNGRDFHMSVVRARRNDSGTYVCGVISLAPKIQIKESLRAELRVTERRAE,DRKEYKERIKVLLETYKRVSEEERRELLREARRLAERVNDPEARRLVEEMESLTKEL', 'WNPPTFSPALLVVTEGDNATFTCSFSNTSESFHVVWHRESPSGQTDTLAAFPEDRSQPGQDSRFRVTQLPNGRDFHMSVVRARRNDSGTYVCGVISLAPKIQIKESLRAELRVTERRAE,DREEAKERIKELLYLVKRVSEESWREKLRYARRLAERVNDPEARGKVEELERLIKEL', 'WNPPTFSPALLVVTEGDNATFTCSFSNTSESFHVVWHRESPSGQTDTLAAFPEDRSQPGQDSRFRVTQLPNGRDFHMSVVRARRNDSGTYVCGVISLAPKIQIKESLRAELRVTERRAE,DREEAKERIKWLFELVKRVSEHERRELLREARRLAERVNYPEARRLVEELERLIKEL', 'WNPPTFSPALLVVTEGDNATFTCSFSNTSESFHVVWHRESPSGQTDTLAAFPEDRSQPGQDSRFRVTQLPNGRDFHMSVVRARRNDSGTYVCGVISLAPKIQIKESLRAELRVTERRAE,MREAKVRIKELLELVKRVQEEKRRELLGEARRLARVNNVWARVLVEELGRLIKEV', 'WNPPTFSPALLVVTEGDNATFTCSFSNTSESFHVVWHRESPSGQTDTLAAFPEDRSQPGQDSRFRVTQLPNGRDFHMSVVRARRNDSGTYVCGVISLAPKIQIKESLRAELRVTERRAE,DRKSYKNRIKALQETYKMDSEEERREVLREARRLAERVNDPWARRLVEEMESLTKEL', 'WNPPTFSPALLVVTEGDNATFTCSFSNTSESFHVVWHRESPSGQTDTLAAFPEDRSQPGQDSRFRVTQLPNGRDFHMSVVRARRNDSGTYVCGVISLAPKIQIKESLRAELRVTERRAE,DRKEYKERIKVLLETYKRVSEEERRELLREARRLAERVNDPEARRLVEEMESLTKEV']
done writing runtime results
newpool ['WNPPTFSPALLVVTEGDNATFTCSFSNTSESFHVVWHRESPSGQTDTLAAFPEDRSQPGQDSRFRVTQLPNGRDFHMSVVRARRNDSGTYVCGVISLAPKIQIKESLRAELRVTERRAE,DRKEYKERIKVLLETYKRVSEEERRELLREARRLAERVNDPEARRLVEEMESLTKEL', 'WNPPTFSPALLVVTEGDNATFTCSFSNTSESFHVVWHRESPSGQTDTLAAFPEDRSQPGQDSRFRVTQLPNGRDFHMSVVRARRNDSGTYVCGVISLAPKIQIKESLRAELRVTERRAE,DRKEYKERIKVLLETYKRVSEEERRELLREARRLAERVNDPEARRLVEEMESLTKEV']
Iteration 3: refilling with mutation and 20.0% crossover.
176 176 10
176 176 10
176 176 10
176 176 10
176 176 10
176 176 10
176 176 10
176 176 10
176 176 10
176 176 10
176 176 10
176 176 10
176 176 10
176 176 10
176 176 10
crossovers are failing to create new sequences. defaulting to mutation.
176 176 10
176 176 10
176 176 10
176 176 10
176 176 10
176 176 10
176 176 10
176 176 10
work list [[['WNPPTFSPALLVVTEGDNATFTCSFSNTSESFHVVWHRESPSGQTDTLAAFPEDRSQPGQDSRFRVTQLPNGRDFHMSVVRARRNDSGTYVCGVISLAPKIQIKESLRAELRVTERRAE', 'DRKVYIRIKVLLETYERVSEEQRRELLEARRLAERVNDPEARYRLVEEMISLTKEL']], [['WNPPTFSPALLVVTEGDNATFTCSFSNTSESFHVVWHRESPSGQTDTLAAFPEDRSQPGQDSRFRVTQLPNGRDFHMSVVRARRNDSGTYVCGVISLAPKIQIKESLRAELRVTERRAE', 'DRKTLKEGRIKDLETYKRVSEERRRELLREARRLAERVNDPEARRLVEEMESLAKEV']], [['WNPPTFSPALLVVTEGDNATFTCSFSNTSESFHVVWHRESPSGQTDTLAAFPEDRSQPGQDSRFRVTQLPNGRDFHMSVVRARRNDSGTYVCGVISLAPKIQIKESLRAELRVTERRAE', 'DTKEYKERIKVLFEWYKSVSEVERRRWLLREARRLAERVNDPEARRLVETMESLTKEL']], [['DRKVYIRIKVLLETYERVSEEQRRELLEARRLAERVNDPEARYRLVEEMISLTKEL']], [['DRKTLKEGRIKDLETYKRVSEERRRELLREARRLAERVNDPEARRLVEEMESLAKEV']], [['DTKEYKERIKVLFEWYKSVSEVERRRWLLREARRLAERVNDPEARRLVETMESLTKEL']]]
done churning
adding sequences and scores into the dictionary
WNPPTFSPALLVVTEGDNATFTCSFSNTSESFHVVWHRESPSGQTDTLAAFPEDRSQPGQDSRFRVTQLPNGRDFHMSVVRARRNDSGTYVCGVISLAPKIQIKESLRAELRVTERRAE,DRKVYIRIKVLLETYERVSEEQRRELLEARRLAERVNDPEARYRLVEEMISLTKEL WNPPTFSPALLVVTEGDNATFTCSFSNTSESFHVVWHRESPSGQTDTLAAFPEDRSQPGQDSRFRVTQLPNGRDFHMSVVRARRNDSGTYVCGVISLAPKIQIKESLRAELRVTERRAE,DRKVYIRIKVLLETYERVSEEQRRELLEARRLAERVNDPEARYRLVEEMISLTKEL (-0.78846613487298, (-11.283128111703054, 11.283128111703054, 0), (-6.743291621788892, [(-6.743291621788892, 67.43291621788892)]), (17.237953598618965, [17.237953598618965]))
WNPPTFSPALLVVTEGDNATFTCSFSNTSESFHVVWHRESPSGQTDTLAAFPEDRSQPGQDSRFRVTQLPNGRDFHMSVVRARRNDSGTYVCGVISLAPKIQIKESLRAELRVTERRAE,DRKTLKEGRIKDLETYKRVSEERRRELLREARRLAERVNDPEARRLVEEMESLAKEV WNPPTFSPALLVVTEGDNATFTCSFSNTSESFHVVWHRESPSGQTDTLAAFPEDRSQPGQDSRFRVTQLPNGRDFHMSVVRARRNDSGTYVCGVISLAPKIQIKESLRAELRVTERRAE,DRKTLKEGRIKDLETYKRVSEERRRELLREARRLAERVNDPEARRLVEEMESLAKEV (30.04687252811706, (-11.905296788896834, 11.905296788896834, 0), (-8.533480922285893, [(-8.533480922285893, 85.33480922285892)]), (50.48565023929979, [50.48565023929979]))
WNPPTFSPALLVVTEGDNATFTCSFSNTSESFHVVWHRESPSGQTDTLAAFPEDRSQPGQDSRFRVTQLPNGRDFHMSVVRARRNDSGTYVCGVISLAPKIQIKESLRAELRVTERRAE,DTKEYKERIKVLFEWYKSVSEVERRRWLLREARRLAERVNDPEARRLVETMESLTKEL WNPPTFSPALLVVTEGDNATFTCSFSNTSESFHVVWHRESPSGQTDTLAAFPEDRSQPGQDSRFRVTQLPNGRDFHMSVVRARRNDSGTYVCGVISLAPKIQIKESLRAELRVTERRAE,DTKEYKERIKVLFEWYKSVSEVERRRWLLREARRLAERVNDPEARRLVETMESLTKEL (4.828480428630243, (-17.41865354265486, 17.41865354265486, 0), (-8.160345999763495, [(-8.160345999763495, 81.60345999763494)]), (30.407479971048595, [30.407479971048595]))
scored sequences dictionary ['WNPPTFSPALLVVTEGDNATFTCSFSNTSESFHVVWHRESPSGQTDTLAAFPEDRSQPGQDSRFRVTQLPNGRDFHMSVVRARRNDSGTYVCGVISLAPKIQIKESLRAELRVTERRAE,DREEAKERIKELLELVKRVSEEERRELLREARRLAERVNDPEARRLVEELERLIKEL', 'WNPPTFSPALLVVTEGDNATFTCSFSNTSESFHVVWHRESPSGQTDTLAAFPEDRSQPGQDSRFRVTQLPNGRDFHMSVVRARRNDSGTYVCGVISLAPKIQIKESLRAELRVTERRAE,MREEAKERIKELLELVKRVSEEERRELLREARRLAERVNVVWARRLVEELGRLIKEV', 'WNPPTFSPALLVVTEGDNATFTCSFSNTSESFHVVWHRESPSGQTDTLAAFPEDRSQPGQDSRFRVTQLPNGRDFHMSVVRARRNDSGTYVCGVISLAPKIQIKESLRAELRVTERRAE,DRKEYKERIKVLLETYKRVSEEERRELLREARRLAERVNDPEARRLVEEMESLTKEL', 'WNPPTFSPALLVVTEGDNATFTCSFSNTSESFHVVWHRESPSGQTDTLAAFPEDRSQPGQDSRFRVTQLPNGRDFHMSVVRARRNDSGTYVCGVISLAPKIQIKESLRAELRVTERRAE,DREEAKERIKELLYLVKRVSEESWREKLRYARRLAERVNDPEARGKVEELERLIKEL', 'WNPPTFSPALLVVTEGDNATFTCSFSNTSESFHVVWHRESPSGQTDTLAAFPEDRSQPGQDSRFRVTQLPNGRDFHMSVVRARRNDSGTYVCGVISLAPKIQIKESLRAELRVTERRAE,DREEAKERIKWLFELVKRVSEHERRELLREARRLAERVNYPEARRLVEELERLIKEL', 'WNPPTFSPALLVVTEGDNATFTCSFSNTSESFHVVWHRESPSGQTDTLAAFPEDRSQPGQDSRFRVTQLPNGRDFHMSVVRARRNDSGTYVCGVISLAPKIQIKESLRAELRVTERRAE,MREAKVRIKELLELVKRVQEEKRRELLGEARRLARVNNVWARVLVEELGRLIKEV', 'WNPPTFSPALLVVTEGDNATFTCSFSNTSESFHVVWHRESPSGQTDTLAAFPEDRSQPGQDSRFRVTQLPNGRDFHMSVVRARRNDSGTYVCGVISLAPKIQIKESLRAELRVTERRAE,DRKSYKNRIKALQETYKMDSEEERREVLREARRLAERVNDPWARRLVEEMESLTKEL', 'WNPPTFSPALLVVTEGDNATFTCSFSNTSESFHVVWHRESPSGQTDTLAAFPEDRSQPGQDSRFRVTQLPNGRDFHMSVVRARRNDSGTYVCGVISLAPKIQIKESLRAELRVTERRAE,DRKEYKERIKVLLETYKRVSEEERRELLREARRLAERVNDPEARRLVEEMESLTKEV', 'WNPPTFSPALLVVTEGDNATFTCSFSNTSESFHVVWHRESPSGQTDTLAAFPEDRSQPGQDSRFRVTQLPNGRDFHMSVVRARRNDSGTYVCGVISLAPKIQIKESLRAELRVTERRAE,DRKVYIRIKVLLETYERVSEEQRRELLEARRLAERVNDPEARYRLVEEMISLTKEL', 'WNPPTFSPALLVVTEGDNATFTCSFSNTSESFHVVWHRESPSGQTDTLAAFPEDRSQPGQDSRFRVTQLPNGRDFHMSVVRARRNDSGTYVCGVISLAPKIQIKESLRAELRVTERRAE,DRKTLKEGRIKDLETYKRVSEERRRELLREARRLAERVNDPEARRLVEEMESLAKEV', 'WNPPTFSPALLVVTEGDNATFTCSFSNTSESFHVVWHRESPSGQTDTLAAFPEDRSQPGQDSRFRVTQLPNGRDFHMSVVRARRNDSGTYVCGVISLAPKIQIKESLRAELRVTERRAE,DTKEYKERIKVLFEWYKSVSEVERRRWLLREARRLAERVNDPEARRLVETMESLTKEL']
done writing runtime results
newpool ['WNPPTFSPALLVVTEGDNATFTCSFSNTSESFHVVWHRESPSGQTDTLAAFPEDRSQPGQDSRFRVTQLPNGRDFHMSVVRARRNDSGTYVCGVISLAPKIQIKESLRAELRVTERRAE,DRKEYKERIKVLLETYKRVSEEERRELLREARRLAERVNDPEARRLVEEMESLTKEL', 'WNPPTFSPALLVVTEGDNATFTCSFSNTSESFHVVWHRESPSGQTDTLAAFPEDRSQPGQDSRFRVTQLPNGRDFHMSVVRARRNDSGTYVCGVISLAPKIQIKESLRAELRVTERRAE,DRKEYKERIKVLLETYKRVSEEERRELLREARRLAERVNDPEARRLVEEMESLTKEV']
Iteration 4: refilling with mutation and 20.0% crossover.
176 176 10
176 176 10
176 176 10
176 176 10
176 176 10
176 176 10
176 176 10
176 176 10
176 176 10
176 176 10
176 176 10
176 176 10
176 176 10
176 176 10
176 176 10
176 176 10
crossovers are failing to create new sequences. defaulting to mutation.
176 176 10
176 176 10
176 176 10
176 176 10
176 176 10
176 176 10
176 176 10
work list [[['WNPPTFSPALLVVTEGDNATFTCSFSNTSESFHVVWHRESPSGQTDTLAAFPEDRSQPGQDSRFRVTQLPNGRDFHMSVVRARRNDSGTYVCGVISLAPKIQIKESLRAELRVTERRAE', 'DKEYKERIKVLLETYKEVSEEERRELLWREQRRLAERVVDPARLVEEMESLTKEV']], [['WNPPTFSPALLVVTEGDNATFTCSFSNTSESFHVVWHRESPSGQTDTLAAFPEDRSQPGQDSRFRVTQLPNGRDFHMSVVRARRNDSGTYVCGVISLAPKIQIKESLRAELRVTERRAE', 'DRKEYKERIAVLLETYKRVSEQERRELLREARRLAEQDNDPEARRLVEVEMESLTKEA']], [['WNPPTFSPALLVVTEGDNATFTCSFSNTSESFHVVWHRESPSGQTDTLAAFPEDRSQPGQDSRFRVTQLPNGRDFHMSVVRARRNDSGTYVCGVISLAPKIQIKESLRAELRVTERRAE', 'DRKEYKERIKVLLELTNKRVSEEERRELLEARLAERVNDPEARRLVEEMEELTKEVY']], [['DKEYKERIKVLLETYKEVSEEERRELLWREQRRLAERVVDPARLVEEMESLTKEV']], [['DRKEYKERIAVLLETYKRVSEQERRELLREARRLAEQDNDPEARRLVEVEMESLTKEA']], [['DRKEYKERIKVLLELTNKRVSEEERRELLEARLAERVNDPEARRLVEEMEELTKEVY']]]
done churning
adding sequences and scores into the dictionary
WNPPTFSPALLVVTEGDNATFTCSFSNTSESFHVVWHRESPSGQTDTLAAFPEDRSQPGQDSRFRVTQLPNGRDFHMSVVRARRNDSGTYVCGVISLAPKIQIKESLRAELRVTERRAE,DKEYKERIKVLLETYKEVSEEERRELLWREQRRLAERVVDPARLVEEMESLTKEV WNPPTFSPALLVVTEGDNATFTCSFSNTSESFHVVWHRESPSGQTDTLAAFPEDRSQPGQDSRFRVTQLPNGRDFHMSVVRARRNDSGTYVCGVISLAPKIQIKESLRAELRVTERRAE,DKEYKERIKVLLETYKEVSEEERRELLWREQRRLAERVVDPARLVEEMESLTKEV (-9.847265203630425, (-14.248591423034666, 14.248591423034666, 0), (-7.093880441865349, [(-7.093880441865349, 70.93880441865349)]), (11.495206661269592, [11.495206661269592]))
WNPPTFSPALLVVTEGDNATFTCSFSNTSESFHVVWHRESPSGQTDTLAAFPEDRSQPGQDSRFRVTQLPNGRDFHMSVVRARRNDSGTYVCGVISLAPKIQIKESLRAELRVTERRAE,DRKEYKERIAVLLETYKRVSEQERRELLREARRLAEQDNDPEARRLVEVEMESLTKEA WNPPTFSPALLVVTEGDNATFTCSFSNTSESFHVVWHRESPSGQTDTLAAFPEDRSQPGQDSRFRVTQLPNGRDFHMSVVRARRNDSGTYVCGVISLAPKIQIKESLRAELRVTERRAE,DRKEYKERIAVLLETYKRVSEQERRELLREARRLAEQDNDPEARRLVEVEMESLTKEA (-11.67059683529325, (-17.1388001033238, 17.1388001033238, 0), (-7.603556224911893, [(-7.603556224911893, 76.03556224911893)]), (13.071759492942444, [13.071759492942444]))
WNPPTFSPALLVVTEGDNATFTCSFSNTSESFHVVWHRESPSGQTDTLAAFPEDRSQPGQDSRFRVTQLPNGRDFHMSVVRARRNDSGTYVCGVISLAPKIQIKESLRAELRVTERRAE,DRKEYKERIKVLLELTNKRVSEEERRELLEARLAERVNDPEARRLVEEMEELTKEVY WNPPTFSPALLVVTEGDNATFTCSFSNTSESFHVVWHRESPSGQTDTLAAFPEDRSQPGQDSRFRVTQLPNGRDFHMSVVRARRNDSGTYVCGVISLAPKIQIKESLRAELRVTERRAE,DRKEYKERIKVLLELTNKRVSEEERRELLEARLAERVNDPEARRLVEEMEELTKEVY (-9.704022097008952, (-17.239017922537666, 17.239017922537666, 0), (-6.564875148563909, [(-6.564875148563909, 65.6487514856391)]), (14.099870974092624, [14.099870974092624]))
scored sequences dictionary ['WNPPTFSPALLVVTEGDNATFTCSFSNTSESFHVVWHRESPSGQTDTLAAFPEDRSQPGQDSRFRVTQLPNGRDFHMSVVRARRNDSGTYVCGVISLAPKIQIKESLRAELRVTERRAE,DREEAKERIKELLELVKRVSEEERRELLREARRLAERVNDPEARRLVEELERLIKEL', 'WNPPTFSPALLVVTEGDNATFTCSFSNTSESFHVVWHRESPSGQTDTLAAFPEDRSQPGQDSRFRVTQLPNGRDFHMSVVRARRNDSGTYVCGVISLAPKIQIKESLRAELRVTERRAE,MREEAKERIKELLELVKRVSEEERRELLREARRLAERVNVVWARRLVEELGRLIKEV', 'WNPPTFSPALLVVTEGDNATFTCSFSNTSESFHVVWHRESPSGQTDTLAAFPEDRSQPGQDSRFRVTQLPNGRDFHMSVVRARRNDSGTYVCGVISLAPKIQIKESLRAELRVTERRAE,DRKEYKERIKVLLETYKRVSEEERRELLREARRLAERVNDPEARRLVEEMESLTKEL', 'WNPPTFSPALLVVTEGDNATFTCSFSNTSESFHVVWHRESPSGQTDTLAAFPEDRSQPGQDSRFRVTQLPNGRDFHMSVVRARRNDSGTYVCGVISLAPKIQIKESLRAELRVTERRAE,DREEAKERIKELLYLVKRVSEESWREKLRYARRLAERVNDPEARGKVEELERLIKEL', 'WNPPTFSPALLVVTEGDNATFTCSFSNTSESFHVVWHRESPSGQTDTLAAFPEDRSQPGQDSRFRVTQLPNGRDFHMSVVRARRNDSGTYVCGVISLAPKIQIKESLRAELRVTERRAE,DREEAKERIKWLFELVKRVSEHERRELLREARRLAERVNYPEARRLVEELERLIKEL', 'WNPPTFSPALLVVTEGDNATFTCSFSNTSESFHVVWHRESPSGQTDTLAAFPEDRSQPGQDSRFRVTQLPNGRDFHMSVVRARRNDSGTYVCGVISLAPKIQIKESLRAELRVTERRAE,MREAKVRIKELLELVKRVQEEKRRELLGEARRLARVNNVWARVLVEELGRLIKEV', 'WNPPTFSPALLVVTEGDNATFTCSFSNTSESFHVVWHRESPSGQTDTLAAFPEDRSQPGQDSRFRVTQLPNGRDFHMSVVRARRNDSGTYVCGVISLAPKIQIKESLRAELRVTERRAE,DRKSYKNRIKALQETYKMDSEEERREVLREARRLAERVNDPWARRLVEEMESLTKEL', 'WNPPTFSPALLVVTEGDNATFTCSFSNTSESFHVVWHRESPSGQTDTLAAFPEDRSQPGQDSRFRVTQLPNGRDFHMSVVRARRNDSGTYVCGVISLAPKIQIKESLRAELRVTERRAE,DRKEYKERIKVLLETYKRVSEEERRELLREARRLAERVNDPEARRLVEEMESLTKEV', 'WNPPTFSPALLVVTEGDNATFTCSFSNTSESFHVVWHRESPSGQTDTLAAFPEDRSQPGQDSRFRVTQLPNGRDFHMSVVRARRNDSGTYVCGVISLAPKIQIKESLRAELRVTERRAE,DRKVYIRIKVLLETYERVSEEQRRELLEARRLAERVNDPEARYRLVEEMISLTKEL', 'WNPPTFSPALLVVTEGDNATFTCSFSNTSESFHVVWHRESPSGQTDTLAAFPEDRSQPGQDSRFRVTQLPNGRDFHMSVVRARRNDSGTYVCGVISLAPKIQIKESLRAELRVTERRAE,DRKTLKEGRIKDLETYKRVSEERRRELLREARRLAERVNDPEARRLVEEMESLAKEV', 'WNPPTFSPALLVVTEGDNATFTCSFSNTSESFHVVWHRESPSGQTDTLAAFPEDRSQPGQDSRFRVTQLPNGRDFHMSVVRARRNDSGTYVCGVISLAPKIQIKESLRAELRVTERRAE,DTKEYKERIKVLFEWYKSVSEVERRRWLLREARRLAERVNDPEARRLVETMESLTKEL', 'WNPPTFSPALLVVTEGDNATFTCSFSNTSESFHVVWHRESPSGQTDTLAAFPEDRSQPGQDSRFRVTQLPNGRDFHMSVVRARRNDSGTYVCGVISLAPKIQIKESLRAELRVTERRAE,DKEYKERIKVLLETYKEVSEEERRELLWREQRRLAERVVDPARLVEEMESLTKEV', 'WNPPTFSPALLVVTEGDNATFTCSFSNTSESFHVVWHRESPSGQTDTLAAFPEDRSQPGQDSRFRVTQLPNGRDFHMSVVRARRNDSGTYVCGVISLAPKIQIKESLRAELRVTERRAE,DRKEYKERIAVLLETYKRVSEQERRELLREARRLAEQDNDPEARRLVEVEMESLTKEA', 'WNPPTFSPALLVVTEGDNATFTCSFSNTSESFHVVWHRESPSGQTDTLAAFPEDRSQPGQDSRFRVTQLPNGRDFHMSVVRARRNDSGTYVCGVISLAPKIQIKESLRAELRVTERRAE,DRKEYKERIKVLLELTNKRVSEEERRELLEARLAERVNDPEARRLVEEMEELTKEVY']
done writing runtime results
newpool ['WNPPTFSPALLVVTEGDNATFTCSFSNTSESFHVVWHRESPSGQTDTLAAFPEDRSQPGQDSRFRVTQLPNGRDFHMSVVRARRNDSGTYVCGVISLAPKIQIKESLRAELRVTERRAE,DRKEYKERIKVLLETYKRVSEEERRELLREARRLAERVNDPEARRLVEEMESLTKEL', 'WNPPTFSPALLVVTEGDNATFTCSFSNTSESFHVVWHRESPSGQTDTLAAFPEDRSQPGQDSRFRVTQLPNGRDFHMSVVRARRNDSGTYVCGVISLAPKIQIKESLRAELRVTERRAE,DRKEYKERIKVLLETYKRVSEEERRELLREARRLAERVNDPEARRLVEEMESLTKEV']
Iteration 5: refilling with ProteinMPNN.
WNPPTFSPALLVVTEGDNATFTCSFSNTSESFHVVWHRESPSGQTDTLAAFPEDRSQPGQDSRFRVTQLPNGRDFHMSVVRARRNDSGTYVCGVISLAPKIQIKESLRAELRVTERRAE,DRKEYKERIKVLLETYKRVSEEERRELLREARRLAERVNDPEARRLVEEMESLTKEL
WNPPTFSPALLVVTEGDNATFTCSFSNTSESFHVVWHRESPSGQTDTLAAFPEDRSQPGQDSRFRVTQLPNGRDFHMSVVRARRNDSGTYVCGVISLAPKIQIKESLRAELRVTERRAE,DRKEYKERIKVLLETYKRVSEEERRELLREARRLAERVNDPEARRLVEEMESLTKEV
Generating sequences for: seq_0
1 sequences of length 176 generated in 1.4756 seconds
Traceback (most recent call last):
  File "/proj/kuhl_lab/evopro/evopro/run/run_geneticalg_gpus.py", line 365, in <module>
    run_genetic_alg_gpus(input_dir, input_dir + flagsfile, scorefunc, starting_seqs, poolsize = args.pool_size, num_iter = args.num_iter, n_workers=args.num_gpus, write_raw_plddts=args.write_plddt, write_pair_confs=args.write_pae, stabilize_monomer=stabilize, rmsd_func=rmsdfunc, write_pdbs=args.write_pdbs, mpnn_iters=mpnn_iters, use_of=args.use_omegafold, crossover_percent=args.crossover_percent, vary_length=args.vary_length, mut_percents=mut_percents, contacts=contacts, plot=args.plot_scores, pae_output=args.pae_output)
  File "/proj/kuhl_lab/evopro/evopro/run/run_geneticalg_gpus.py", line 69, in run_genetic_alg_gpus
    pool = create_new_seqs_mpnn(pool, scored_seqs, poolsize, run_dir, curr_iter, all_seqs = list(scored_seqs.keys()))
  File "/proj/kuhl_lab/evopro/evopro/genetic_alg/geneticalg_helpers.py", line 264, in create_new_seqs_mpnn
    newseqobj = DesignSeq(seq=newseq_sequence, sequence=dsobj.sequence, mutable=dsobj.mutable, symmetric=dsobj.symmetric)
  File "/proj/kuhl_lab/evopro/evopro/genetic_alg/DesignSeq.py", line 21, in __init__
    self.mutable = self._update_mutable_from_seq(seq)
  File "/proj/kuhl_lab/evopro/evopro/genetic_alg/DesignSeq.py", line 250, in _update_mutable_from_seq
    new_res[j]["resid"][3] = seq[i+j]
IndexError: list index out of range
