./residue_specs.json
No starting sequences file provided. Random sequences will be generated.
AF2 is using an empty UniProt MSA. Results may not be as accurate. This will be changed in the future.
AF2 is using an empty UniProt MSA. Results may not be as accurate. This will be changed in the future.
WARNING:features:AF2 is using an empty UniProt MSA. Results may not be as accurate. This will be changed in the future.
WARNING:features:AF2 is using an empty UniProt MSA. Results may not be as accurate. This will be changed in the future.
WARNING:features:AF2 is using an empty UniProt MSA. Results may not be as accurate. This will be changed in the future.
WARNING:features:AF2 is using an empty UniProt MSA. Results may not be as accurate. This will be changed in the future.
WARNING:features:AF2 is using an empty UniProt MSA. Results may not be as accurate. This will be changed in the future.
WARNING:features:AF2 is using an empty UniProt MSA. Results may not be as accurate. This will be changed in the future.
WARNING:features:AF2 is using an empty UniProt MSA. Results may not be as accurate. This will be changed in the future.
WARNING:features:AF2 is using an empty UniProt MSA. Results may not be as accurate. This will be changed in the future.
WARNING:features:AF2 is using an empty UniProt MSA. Results may not be as accurate. This will be changed in the future.
WARNING:features:AF2 is using an empty UniProt MSA. Results may not be as accurate. This will be changed in the future.
WARNING:features:AF2 is using an empty UniProt MSA. Results may not be as accurate. This will be changed in the future.
WARNING:features:AF2 is using an empty UniProt MSA. Results may not be as accurate. This will be changed in the future.
WARNING:features:AF2 is using an empty UniProt MSA. Results may not be as accurate. This will be changed in the future.
WARNING:features:AF2 is using an empty UniProt MSA. Results may not be as accurate. This will be changed in the future.
WARNING:features:AF2 is using an empty UniProt MSA. Results may not be as accurate. This will be changed in the future.
WARNING:features:AF2 is using an empty UniProt MSA. Results may not be as accurate. This will be changed in the future.
WARNING:features:AF2 is using an empty UniProt MSA. Results may not be as accurate. This will be changed in the future.
WARNING:features:AF2 is using an empty UniProt MSA. Results may not be as accurate. This will be changed in the future.
WARNING:features:AF2 is using an empty UniProt MSA. Results may not be as accurate. This will be changed in the future.
WARNING:features:AF2 is using an empty UniProt MSA. Results may not be as accurate. This will be changed in the future.
WARNING:features:AF2 is using an empty UniProt MSA. Results may not be as accurate. This will be changed in the future.
WARNING:features:AF2 is using an empty UniProt MSA. Results may not be as accurate. This will be changed in the future.
WARNING:features:AF2 is using an empty UniProt MSA. Results may not be as accurate. This will be changed in the future.
WARNING:features:AF2 is using an empty UniProt MSA. Results may not be as accurate. This will be changed in the future.
WARNING:features:AF2 is using an empty UniProt MSA. Results may not be as accurate. This will be changed in the future.
WARNING:features:AF2 is using an empty UniProt MSA. Results may not be as accurate. This will be changed in the future.
WARNING:features:AF2 is using an empty UniProt MSA. Results may not be as accurate. This will be changed in the future.
WARNING:features:AF2 is using an empty UniProt MSA. Results may not be as accurate. This will be changed in the future.
WARNING:features:AF2 is using an empty UniProt MSA. Results may not be as accurate. This will be changed in the future.
WARNING:features:AF2 is using an empty UniProt MSA. Results may not be as accurate. This will be changed in the future.
WARNING:features:AF2 is using an empty UniProt MSA. Results may not be as accurate. This will be changed in the future.
WARNING:features:AF2 is using an empty UniProt MSA. Results may not be as accurate. This will be changed in the future.
WARNING:features:AF2 is using an empty UniProt MSA. Results may not be as accurate. This will be changed in the future.
WARNING:features:AF2 is using an empty UniProt MSA. Results may not be as accurate. This will be changed in the future.
WARNING:features:AF2 is using an empty UniProt MSA. Results may not be as accurate. This will be changed in the future.
WARNING:features:AF2 is using an empty UniProt MSA. Results may not be as accurate. This will be changed in the future.
WARNING:features:AF2 is using an empty UniProt MSA. Results may not be as accurate. This will be changed in the future.
WARNING:features:AF2 is using an empty UniProt MSA. Results may not be as accurate. This will be changed in the future.
WARNING:features:AF2 is using an empty UniProt MSA. Results may not be as accurate. This will be changed in the future.
WARNING:features:AF2 is using an empty UniProt MSA. Results may not be as accurate. This will be changed in the future.
WARNING:features:AF2 is using an empty UniProt MSA. Results may not be as accurate. This will be changed in the future.
WARNING:features:AF2 is using an empty UniProt MSA. Results may not be as accurate. This will be changed in the future.
WARNING:features:AF2 is using an empty UniProt MSA. Results may not be as accurate. This will be changed in the future.
WARNING:features:AF2 is using an empty UniProt MSA. Results may not be as accurate. This will be changed in the future.
WARNING:features:AF2 is using an empty UniProt MSA. Results may not be as accurate. This will be changed in the future.
WARNING:features:AF2 is using an empty UniProt MSA. Results may not be as accurate. This will be changed in the future.
WARNING:features:AF2 is using an empty UniProt MSA. Results may not be as accurate. This will be changed in the future.
WARNING:features:AF2 is using an empty UniProt MSA. Results may not be as accurate. This will be changed in the future.
WARNING:features:AF2 is using an empty UniProt MSA. Results may not be as accurate. This will be changed in the future.
WARNING:features:AF2 is using an empty UniProt MSA. Results may not be as accurate. This will be changed in the future.
WARNING:features:AF2 is using an empty UniProt MSA. Results may not be as accurate. This will be changed in the future.
WARNING:features:AF2 is using an empty UniProt MSA. Results may not be as accurate. This will be changed in the future.
